{
  "hooks": {
    "PermissionRequest": [
      {
        "hooks": [
          {
            "command": "ctx-wire hook codex",
            "type": "command"
          }
        ],
        "matcher": "Bash"
      }
    ],
    "PreToolUse": [
      {
        "hooks": [
          {
            "command": "ctx-wire hook codex",
            "type": "command"
          }
        ],
        "matcher": "Bash"
      }
    ]
  }
}
